
ÔòÉÔòÉÔòÉÔòÉÔòÉÔòÉÔòÉÔòÉÔòÉÔòÉÔòÉÔòÉÔòÉÔòÉÔòÉÔòÉÔòÉÔòÉÔòÉÔòÉÔòÉÔòÉÔòÉÔòÉÔòÉÔòÉÔòÉÔòÉÔòÉÔòÉÔòÉÔòÉÔòÉÔòÉÔòÉÔòÉÔòÉÔòÉÔòÉÔòÉÔòÉÔòÉÔòÉÔòÉÔòÉÔòÉÔòÉÔòÉÔòÉÔòÉÔòÉÔòÉÔòÉÔòÉÔòÉÔòÉÔòÉÔòÉÔòÉÔòÉ
  TESTS SEMAINE 13 ÔÇö Browser Control Niveaux 1-5
ÔòÉÔòÉÔòÉÔòÉÔòÉÔòÉÔòÉÔòÉÔòÉÔòÉÔòÉÔòÉÔòÉÔòÉÔòÉÔòÉÔòÉÔòÉÔòÉÔòÉÔòÉÔòÉÔòÉÔòÉÔòÉÔòÉÔòÉÔòÉÔòÉÔòÉÔòÉÔòÉÔòÉÔòÉÔòÉÔòÉÔòÉÔòÉÔòÉÔòÉÔòÉÔòÉÔòÉÔòÉÔòÉÔòÉÔòÉÔòÉÔòÉÔòÉÔòÉÔòÉÔòÉÔòÉÔòÉÔòÉÔòÉÔòÉÔòÉÔòÉ

ÔöÇÔöÇÔöÇÔöÇÔöÇÔöÇÔöÇÔöÇÔöÇÔöÇÔöÇÔöÇÔöÇÔöÇÔöÇÔöÇÔöÇÔöÇÔöÇÔöÇÔöÇÔöÇÔöÇÔöÇÔöÇÔöÇÔöÇÔöÇÔöÇÔöÇÔöÇÔöÇÔöÇÔöÇÔöÇÔöÇÔöÇÔöÇÔöÇÔöÇÔöÇÔöÇÔöÇÔöÇÔöÇÔöÇÔöÇÔöÇÔöÇÔöÇÔöÇÔöÇÔöÇÔöÇÔöÇÔöÇÔöÇÔöÇÔöÇÔöÇ
  GROUPE 1 ÔÇö Parsing intents navigateur
ÔöÇÔöÇÔöÇÔöÇÔöÇÔöÇÔöÇÔöÇÔöÇÔöÇÔöÇÔöÇÔöÇÔöÇÔöÇÔöÇÔöÇÔöÇÔöÇÔöÇÔöÇÔöÇÔöÇÔöÇÔöÇÔöÇÔöÇÔöÇÔöÇÔöÇÔöÇÔöÇÔöÇÔöÇÔöÇÔöÇÔöÇÔöÇÔöÇÔöÇÔöÇÔöÇÔöÇÔöÇÔöÇÔöÇÔöÇÔöÇÔöÇÔöÇÔöÇÔöÇÔöÇÔöÇÔöÇÔöÇÔöÇÔöÇÔöÇÔöÇ

2026-03-25 09:36:32 | INFO     | core.command_parser            | CommandParser ÔåÆ Groq (llama-3.1-8b-instant) Ô£ô
  Ô£à parse("cherche Python tutorial sur google") ÔåÆ BROWSER_SEARCH
  Ô£à parse("recherche les derni├¿res news") ÔåÆ BROWSER_SEARCH
  Ô£à parse("ouvre youtube") ÔåÆ BROWSER_OPEN
  Ô£à parse("va sur github") ÔåÆ BROWSER_GO_TO_SITE
  Ô£à parse("cherche sur youtube lofi music") ÔåÆ BROWSER_SEARCH_YOUTUBE
  Ô£à parse("ouvre le 2e r├®sultat") ÔåÆ BROWSER_OPEN_RESULT
  Ô£à parse("r├®sume cette page") ÔåÆ BROWSER_SUMMARIZE
  Ô£à parse("lis la page") ÔåÆ BROWSER_READ
  Ô£à parse("liste les onglets") ÔåÆ BROWSER_LIST_TABS
  Ô£à parse("nouvel onglet") ÔåÆ BROWSER_NEW_TAB
  Ô£à parse("ferme l'onglet") ÔåÆ BROWSER_CLOSE_TAB
  Ô£à parse("recharge la page") ÔåÆ BROWSER_RELOAD
  Ô£à parse("page pr├®c├®dente") ÔåÆ BROWSER_BACK
  Ô£à parse("page suivante") ÔåÆ BROWSER_FORWARD
  Ô£à parse("scrolle vers le bas") ÔåÆ BROWSER_SCROLL
  Ô£à parse("ferme le navigateur") ÔåÆ BROWSER_CLOSE

ÔöÇÔöÇÔöÇÔöÇÔöÇÔöÇÔöÇÔöÇÔöÇÔöÇÔöÇÔöÇÔöÇÔöÇÔöÇÔöÇÔöÇÔöÇÔöÇÔöÇÔöÇÔöÇÔöÇÔöÇÔöÇÔöÇÔöÇÔöÇÔöÇÔöÇÔöÇÔöÇÔöÇÔöÇÔöÇÔöÇÔöÇÔöÇÔöÇÔöÇÔöÇÔöÇÔöÇÔöÇÔöÇÔöÇÔöÇÔöÇÔöÇÔöÇÔöÇÔöÇÔöÇÔöÇÔöÇÔöÇÔöÇÔöÇÔöÇÔöÇ
  GROUPE 2 ÔÇö IntentExecutor routing navigateur
ÔöÇÔöÇÔöÇÔöÇÔöÇÔöÇÔöÇÔöÇÔöÇÔöÇÔöÇÔöÇÔöÇÔöÇÔöÇÔöÇÔöÇÔöÇÔöÇÔöÇÔöÇÔöÇÔöÇÔöÇÔöÇÔöÇÔöÇÔöÇÔöÇÔöÇÔöÇÔöÇÔöÇÔöÇÔöÇÔöÇÔöÇÔöÇÔöÇÔöÇÔöÇÔöÇÔöÇÔöÇÔöÇÔöÇÔöÇÔöÇÔöÇÔöÇÔöÇÔöÇÔöÇÔöÇÔöÇÔöÇÔöÇÔöÇÔöÇÔöÇ

2026-03-25 09:36:33 | INFO     | core.intent_executor           | IntentExecutor initialis├® ÔÇö 143 intentions mapp├®es.
  Ô£à Handler BROWSER_SEARCH pr├®sent
  Ô£à Handler BROWSER_URL pr├®sent
  Ô£à Handler BROWSER_NEW_TAB pr├®sent
  Ô£à Handler BROWSER_CLOSE_TAB pr├®sent
  Ô£à Handler BROWSER_RELOAD pr├®sent
  Ô£à Handler BROWSER_BACK pr├®sent
  Ô£à Handler BROWSER_FORWARD pr├®sent
  Ô£à Handler BROWSER_SCROLL pr├®sent
  Ô£à Handler BROWSER_READ pr├®sent
  Ô£à Handler BROWSER_SUMMARIZE pr├®sent
  Ô£à Handler BROWSER_LIST_TABS pr├®sent
  Ô£à Handler BROWSER_OPEN_RESULT pr├®sent
  Ô£à Handler BROWSER_GO_TO_SITE pr├®sent
  Ô£à Handler BROWSER_CLOSE pr├®sent

ÔöÇÔöÇÔöÇÔöÇÔöÇÔöÇÔöÇÔöÇÔöÇÔöÇÔöÇÔöÇÔöÇÔöÇÔöÇÔöÇÔöÇÔöÇÔöÇÔöÇÔöÇÔöÇÔöÇÔöÇÔöÇÔöÇÔöÇÔöÇÔöÇÔöÇÔöÇÔöÇÔöÇÔöÇÔöÇÔöÇÔöÇÔöÇÔöÇÔöÇÔöÇÔöÇÔöÇÔöÇÔöÇÔöÇÔöÇÔöÇÔöÇÔöÇÔöÇÔöÇÔöÇÔöÇÔöÇÔöÇÔöÇÔöÇÔöÇÔöÇ
  GROUPE 3 ÔÇö BrowserControl (mock CDP)
ÔöÇÔöÇÔöÇÔöÇÔöÇÔöÇÔöÇÔöÇÔöÇÔöÇÔöÇÔöÇÔöÇÔöÇÔöÇÔöÇÔöÇÔöÇÔöÇÔöÇÔöÇÔöÇÔöÇÔöÇÔöÇÔöÇÔöÇÔöÇÔöÇÔöÇÔöÇÔöÇÔöÇÔöÇÔöÇÔöÇÔöÇÔöÇÔöÇÔöÇÔöÇÔöÇÔöÇÔöÇÔöÇÔöÇÔöÇÔöÇÔöÇÔöÇÔöÇÔöÇÔöÇÔöÇÔöÇÔöÇÔöÇÔöÇÔöÇÔöÇ

  Ô£à list_tabs() retourne les onglets
       ÔåÆ 1 onglet(s) ouvert(s).

  Ô£à get_page_info() retourne titre + URL
       ÔåÆ Page active : Google (https://www.google.com/search?q=test)

  Ô£à new_tab() cr├®e un onglet
       ÔåÆ Nouvel onglet

  Ô£à close_tab() sans argument ferme l'onglet actif
       ÔåÆ Ferm├®

  Ô£à reload_page() recharge
       ÔåÆ Recharg├®

  Ô£à navigate_back() retour
       ÔåÆ Retour

  Ô£à navigate_forward() suivant
       ÔåÆ Retour

  Ô£à scroll() vers le bas
       ÔåÆ Scroll down.

  Ô£à switch_to_tab(index=1) fonctionne
       ÔåÆ Bascul├® sur : Google.

  Ô£à health_check() retourne ├®tat
       ÔåÆ Navigateur op├®rationnel.

  Ô£à open_url() navigue vers URL
       ÔåÆ Navigu├®

  Ô£à dispatch('recharge la page') OK
       ÔåÆ Recharg├®

ÔöÇÔöÇÔöÇÔöÇÔöÇÔöÇÔöÇÔöÇÔöÇÔöÇÔöÇÔöÇÔöÇÔöÇÔöÇÔöÇÔöÇÔöÇÔöÇÔöÇÔöÇÔöÇÔöÇÔöÇÔöÇÔöÇÔöÇÔöÇÔöÇÔöÇÔöÇÔöÇÔöÇÔöÇÔöÇÔöÇÔöÇÔöÇÔöÇÔöÇÔöÇÔöÇÔöÇÔöÇÔöÇÔöÇÔöÇÔöÇÔöÇÔöÇÔöÇÔöÇÔöÇÔöÇÔöÇÔöÇÔöÇÔöÇÔöÇÔöÇ
  GROUPE 4 ÔÇö PageActions (mock)
ÔöÇÔöÇÔöÇÔöÇÔöÇÔöÇÔöÇÔöÇÔöÇÔöÇÔöÇÔöÇÔöÇÔöÇÔöÇÔöÇÔöÇÔöÇÔöÇÔöÇÔöÇÔöÇÔöÇÔöÇÔöÇÔöÇÔöÇÔöÇÔöÇÔöÇÔöÇÔöÇÔöÇÔöÇÔöÇÔöÇÔöÇÔöÇÔöÇÔöÇÔöÇÔöÇÔöÇÔöÇÔöÇÔöÇÔöÇÔöÇÔöÇÔöÇÔöÇÔöÇÔöÇÔöÇÔöÇÔöÇÔöÇÔöÇÔöÇÔöÇ

  Ô£à extract_search_results() Google ÔåÆ 3 r├®sultats
       ÔåÆ 3 r├®sultat(s) extrait(s).

  Ô£à open_search_result(2) ÔåÆ Python Docs
       ÔåÆ R├®sultat n┬░2 : Python Tutorial

  Ô£à open_search_result(99) ÔåÆ erreur
       ÔåÆ R├®sultat n┬░99 inexistant (il y a 3 r├®sultat(s)).

  Ô£à scroll(down) ne plante pas
       ÔåÆ Scroll down.

  Ô£à scroll(top) ne plante pas
       ÔåÆ Scroll top.

  Ô£à fill_field_by_selector('#search', 'Python')
       ÔåÆ Champ '#search' rempli avec 'Python'.

  Ô£à fill_field_by_label('Nom', 'Christian')
       ÔåÆ Champ 'Nom' rempli avec 'Christian'.

  Ô£à click_text('Recherche')
       ÔåÆ Clic sur 'Recherche'.

  Ô£à read_page() extrait le texte
       ÔåÆ Page lue : 'Test Page' (71 caract├¿res).

  Ô£à detect_blocker() ÔåÆ pas bloqu├®
       ÔåÆ Page accessible.

  Ô£à [B14] _last_search_results partag├® entre instances
       ÔåÆ 3 r├®sultat(s) accessibles depuis nouvelle instance

ÔöÇÔöÇÔöÇÔöÇÔöÇÔöÇÔöÇÔöÇÔöÇÔöÇÔöÇÔöÇÔöÇÔöÇÔöÇÔöÇÔöÇÔöÇÔöÇÔöÇÔöÇÔöÇÔöÇÔöÇÔöÇÔöÇÔöÇÔöÇÔöÇÔöÇÔöÇÔöÇÔöÇÔöÇÔöÇÔöÇÔöÇÔöÇÔöÇÔöÇÔöÇÔöÇÔöÇÔöÇÔöÇÔöÇÔöÇÔöÇÔöÇÔöÇÔöÇÔöÇÔöÇÔöÇÔöÇÔöÇÔöÇÔöÇÔöÇÔöÇ
  GROUPE 5 ÔÇö Non-r├®gression
ÔöÇÔöÇÔöÇÔöÇÔöÇÔöÇÔöÇÔöÇÔöÇÔöÇÔöÇÔöÇÔöÇÔöÇÔöÇÔöÇÔöÇÔöÇÔöÇÔöÇÔöÇÔöÇÔöÇÔöÇÔöÇÔöÇÔöÇÔöÇÔöÇÔöÇÔöÇÔöÇÔöÇÔöÇÔöÇÔöÇÔöÇÔöÇÔöÇÔöÇÔöÇÔöÇÔöÇÔöÇÔöÇÔöÇÔöÇÔöÇÔöÇÔöÇÔöÇÔöÇÔöÇÔöÇÔöÇÔöÇÔöÇÔöÇÔöÇÔöÇ

2026-03-25 09:36:35 | INFO     | core.command_parser            | CommandParser ÔåÆ Groq (llama-3.1-8b-instant) Ô£ô
  Ô£à "monte le volume" ÔåÆ AUDIO_VOLUME_UP
  Ô£à "luminosite 70" ÔåÆ SCREEN_BRIGHTNESS
  Ô£à "mode nuit" ÔåÆ MACRO_RUN
  Ô£à "ouvre chrome" ÔåÆ APP_OPEN
  Ô£à "joue la musique chill" ÔåÆ MUSIC_PLAY
  Ô£à "musique suivante" ÔåÆ MUSIC_NEXT
  Ô£à "liste les reseaux wifi" ÔåÆ WIFI_LIST
  Ô£à "eteins l ordinateur" ÔåÆ SYSTEM_SHUTDOWN
  Ô£à "infos systeme" ÔåÆ SYSTEM_INFO
  Ô£à "repete" ÔåÆ REPEAT_LAST

ÔòÉÔòÉÔòÉÔòÉÔòÉÔòÉÔòÉÔòÉÔòÉÔòÉÔòÉÔòÉÔòÉÔòÉÔòÉÔòÉÔòÉÔòÉÔòÉÔòÉÔòÉÔòÉÔòÉÔòÉÔòÉÔòÉÔòÉÔòÉÔòÉÔòÉÔòÉÔòÉÔòÉÔòÉÔòÉÔòÉÔòÉÔòÉÔòÉÔòÉÔòÉÔòÉÔòÉÔòÉÔòÉÔòÉÔòÉÔòÉÔòÉÔòÉÔòÉÔòÉÔòÉÔòÉÔòÉÔòÉÔòÉÔòÉÔòÉÔòÉ
  63 PASSES  |  0 FAILURES  |  0 SKIPPED  |  63 TOTAL
ÔòÉÔòÉÔòÉÔòÉÔòÉÔòÉÔòÉÔòÉÔòÉÔòÉÔòÉÔòÉÔòÉÔòÉÔòÉÔòÉÔòÉÔòÉÔòÉÔòÉÔòÉÔòÉÔòÉÔòÉÔòÉÔòÉÔòÉÔòÉÔòÉÔòÉÔòÉÔòÉÔòÉÔòÉÔòÉÔòÉÔòÉÔòÉÔòÉÔòÉÔòÉÔòÉÔòÉÔòÉÔòÉÔòÉÔòÉÔòÉÔòÉÔòÉÔòÉÔòÉÔòÉÔòÉÔòÉÔòÉÔòÉÔòÉÔòÉÔòÉ
  Ô£à Semaine 13 VALID├ëE ÔÇö Browser Control niveaux 1-5

